(1,7) incompatible types: got 'integer' expected 'string'