1  1  Double  3.6573499999999999E+003  3657.35
2  1  Double  1.6551230000000000E+003  %11001110111.123
3  1  Double  1.5176750000000000E+003  &2755.675
4  1  Double  1.3371199999999999E+003  $539.12
4  8  Eof