1  1  Invaild  Specified argument was out of the range of valid values. (Parameter 'Index was out of range. Must be non-negative and less than the size of the collection.')