1  1  Invaild  Value was either too large or too small for an Int32.