1  1  Integer  2345  2345
2  1  Integer  1401  %10101111001
2  13  Integer  5  5
3  1  Integer  1300  &2424
4  1  Integer  21331  $5353
5  1  Integer  342391  &1234567
5  9  Integer  8  8
6  1  Integer  180150015  $ABCDEFF
7  1  Integer  5  %00000101
8  1  Integer  342391  &1234567
8  9  Indificator  Z  Z
9  1  Integer  11259375  $ABCDEF
9  8  Indificator  G  G
9  9  Eof