1  1  Char  D  #68
2  1  Char  A  #65
3  1  Char  X  #88
4  1  Char  q  #113
5  1  Char  6  #54
5  4  Eof